================================================================================
EXECUTION LOG: Stage 8: Multi-Seed Stability Analysis (10 Seeds)
Script: step7_multiseed_stability.py
Python Runtime: 3.14.5 (C:\MSC_Malaria\.venv\Scripts\python.exe)
Execution Duration: 9.37 seconds
Exit Code: 0
================================================================================

==========================================================================================
STEP 7: REPEATED TRAIN/TEST EXPERIMENT ACROSS MULTIPLE RANDOM SEEDS (ITEM 6)
==========================================================================================
Executing 80/20 train/test split across 10 distinct random seeds with isolated SMOTE-NC...

Seed [01/10]: 10 ...
C:\MSC_Malaria\.venv\Lib\site-packages\sklearn\svm\_base.py:239: FutureWarning: The `probability` parameter was deprecated in 1.9 and will be removed in version 1.11. Use `CalibratedClassifierCV(SVC(), ensemble=False)` instead of `SVC(probability=True)`
  warnings.warn(
Seed [02/10]: 20 ...
C:\MSC_Malaria\.venv\Lib\site-packages\sklearn\svm\_base.py:239: FutureWarning: The `probability` parameter was deprecated in 1.9 and will be removed in version 1.11. Use `CalibratedClassifierCV(SVC(), ensemble=False)` instead of `SVC(probability=True)`
  warnings.warn(
Seed [03/10]: 30 ...
C:\MSC_Malaria\.venv\Lib\site-packages\sklearn\svm\_base.py:239: FutureWarning: The `probability` parameter was deprecated in 1.9 and will be removed in version 1.11. Use `CalibratedClassifierCV(SVC(), ensemble=False)` instead of `SVC(probability=True)`
  warnings.warn(
Seed [04/10]: 42 ...
C:\MSC_Malaria\.venv\Lib\site-packages\sklearn\svm\_base.py:239: FutureWarning: The `probability` parameter was deprecated in 1.9 and will be removed in version 1.11. Use `CalibratedClassifierCV(SVC(), ensemble=False)` instead of `SVC(probability=True)`
  warnings.warn(
Seed [05/10]: 50 ...
C:\MSC_Malaria\.venv\Lib\site-packages\sklearn\svm\_base.py:239: FutureWarning: The `probability` parameter was deprecated in 1.9 and will be removed in version 1.11. Use `CalibratedClassifierCV(SVC(), ensemble=False)` instead of `SVC(probability=True)`
  warnings.warn(
Seed [06/10]: 60 ...
C:\MSC_Malaria\.venv\Lib\site-packages\sklearn\svm\_base.py:239: FutureWarning: The `probability` parameter was deprecated in 1.9 and will be removed in version 1.11. Use `CalibratedClassifierCV(SVC(), ensemble=False)` instead of `SVC(probability=True)`
  warnings.warn(
Seed [07/10]: 70 ...
C:\MSC_Malaria\.venv\Lib\site-packages\sklearn\svm\_base.py:239: FutureWarning: The `probability` parameter was deprecated in 1.9 and will be removed in version 1.11. Use `CalibratedClassifierCV(SVC(), ensemble=False)` instead of `SVC(probability=True)`
  warnings.warn(
Seed [08/10]: 80 ...
C:\MSC_Malaria\.venv\Lib\site-packages\sklearn\svm\_base.py:239: FutureWarning: The `probability` parameter was deprecated in 1.9 and will be removed in version 1.11. Use `CalibratedClassifierCV(SVC(), ensemble=False)` instead of `SVC(probability=True)`
  warnings.warn(
Seed [09/10]: 90 ...
C:\MSC_Malaria\.venv\Lib\site-packages\sklearn\svm\_base.py:239: FutureWarning: The `probability` parameter was deprecated in 1.9 and will be removed in version 1.11. Use `CalibratedClassifierCV(SVC(), ensemble=False)` instead of `SVC(probability=True)`
  warnings.warn(
Seed [10/10]: 100 ...
C:\MSC_Malaria\.venv\Lib\site-packages\sklearn\svm\_base.py:239: FutureWarning: The `probability` parameter was deprecated in 1.9 and will be removed in version 1.11. Use `CalibratedClassifierCV(SVC(), ensemble=False)` instead of `SVC(probability=True)`
  warnings.warn(

All 10 random seeds completed successfully!

========================================================================================================================
Model Architecture             | Global Accuracy   | Sensitivity (Pos)  | Specificity (Neg)  | Precision (Pos)    | Macro F1        | ROC-AUC        | PR-AUC        
========================================================================================================================
Majority Class (Zero-R)        | 81.63% ± 0.00%    | 0.00% ± 0.00%      | 100.00% ± 0.00%    | 0.00% ± 0.00%      | 44.94% ± 0.00%  | 0.5000 ± 0.0000 | 0.1837 ± 0.0000
Logistic Regression            | 64.08% ± 7.15%    | 35.56% ± 15.54%    | 70.50% ± 8.88%     | 21.96% ± 8.57%     | 51.20% ± 6.56%  | 0.5533 ± 0.0849 | 0.2117 ± 0.0398
Decision Tree (C4.5 / Entropy) | 63.88% ± 3.73%    | 20.00% ± 10.21%    | 73.75% ± 6.04%     | 13.87% ± 5.91%     | 46.51% ± 3.33%  | 0.4389 ± 0.1093 | 0.1938 ± 0.0835
Random Forest (Ensemble)       | 68.57% ± 6.02%    | 14.44% ± 11.77%    | 80.75% ± 7.17%     | 13.97% ± 10.65%    | 47.27% ± 6.41%  | 0.4536 ± 0.1136 | 0.2087 ± 0.0816
Support Vector Machine (RBF)   | 74.49% ± 4.54%    | 13.33% ± 12.61%    | 88.25% ± 4.26%     | 19.29% ± 19.67%    | 50.25% ± 8.42%  | 0.4606 ± 0.0933 | 0.1956 ± 0.0664
========================================================================================================================

Exported multi-seed stability results to outputs/multiseed_stability_results.csv
