================================================================================
EXECUTION LOG: Stage 10: Rule Support, Coverage & Calibrated ROC Thresholds
Script: step9_rule_coverage_support.py
Python Runtime: 3.14.5 (C:\MSC_Malaria\.venv\Scripts\python.exe)
Execution Duration: 2.06 seconds
Exit Code: 0
================================================================================

==========================================================================================
STEP 9: RULE COVERAGE, SUPPORT AUDIT & CALIBRATED ROC IMPLEMENTATION (ITEMS 10 & 11)
==========================================================================================

[1/3] Fitting RIPPER and parsing individual propositional rules...
Induced RIPPER Ruleset (2 target rules):
  Rule 1: [v113=31^v127=34^v116=31^b4=2^v129=31^hml20=0]
  Rule 2: [v128=21^v129=31^b19=14.0-17.0]

[2/3] Auditing Rule Support, Coverage, Confidence, and Yield for RIPPER...

==================================================================================================================================
RIPPER PROPOSITIONAL RULE SUPPORT & COVERAGE AUDIT MATRIX
==================================================================================================================================
Rule Statement                                     | Dataset                      | Support (n) | Coverage (%)  | TP   | FP   | Confidence (%) | Recall (%)
------------------------------------------------------------------------------------------------------------------------------------------------------
RIPPER Rule R1: [v113=31^v127=34^v116=31^b4=2^v129 | Training (Resampled, N=316)  | 56          | 17.72       % | 52   | 4    | 92.86        % | 32.91    %
RIPPER Rule R2: [v128=21^v129=31^14 < b19 <= 17]   | Training (Resampled, N=316)  | 17          | 5.38        % | 15   | 2    | 88.24        % | 9.49     %
RIPPER Default Rule: [ELSE => Class 0]             | Training (Resampled, N=316)  | 243         | 76.90       % | 152  | 91   | 62.55        % | 96.20    %
RIPPER Rule R1: [v113=31^v127=34^v116=31^b4=2^v129 | Clinical Test (N=49)         | 2           | 4.08        % | 0    | 2    | 0.00         % | 0.00     %
RIPPER Rule R2: [v128=21^v129=31^14 < b19 <= 17]   | Clinical Test (N=49)         | 1           | 2.04        % | 0    | 1    | 0.00         % | 0.00     %
RIPPER Default Rule: [ELSE => Class 0]             | Clinical Test (N=49)         | 46          | 93.88       % | 37   | 9    | 80.43        % | 92.50    %
==================================================================================================================================

[3/3] Auditing C4.5 Principal Decision Branches (Harmonized with Figure 4.5 & rules.py)...

==================================================================================================================================
C4.5 PRINCIPAL DECISION PATHWAY SUPPORT & COVERAGE AUDIT MATRIX (HARMONIZED)
==================================================================================================================================
Pathway Description                                | Dataset                      | Support (n) | Coverage (%)  | TP   | FP   | Confidence (%) | Recall (%)
------------------------------------------------------------------------------------------------------------------------------------------------------
Pathway C1: Infancy Protection [b19 <= 6 => Class  | Training (Resampled, N=316)  | 5           | 1.58        % | 5    | 0    | 100.00       % | 3.16     %
Pathway C2: Protected Well x Metal Roof [b19>6 ^ v | Training (Resampled, N=316)  | 124         | 39.24       % | 100  | 24   | 80.65        % | 63.29    %
Pathway C3: Rainwater x Maternal Illiteracy [b19>6 | Training (Resampled, N=316)  | 49          | 15.51       % | 26   | 23   | 53.06        % | 16.46    %
Pathway C4: Borehole/Well x Mud Walls [b19>6 ^ v15 | Training (Resampled, N=316)  | 28          | 8.86        % | 17   | 11   | 60.71        % | 10.76    %
Pathway C5: Intervention Paradox [b19>6 ^ v158=0 ^ | Training (Resampled, N=316)  | 1           | 0.32        % | 1    | 0    | 100.00       % | 0.63     %
Pathway C1: Infancy Protection [b19 <= 6 => Class  | Clinical Test (N=49)         | 1           | 2.04        % | 1    | 0    | 100.00       % | 2.50     %
Pathway C2: Protected Well x Metal Roof [b19>6 ^ v | Clinical Test (N=49)         | 9           | 18.37       % | 2    | 7    | 22.22        % | 22.22    %
Pathway C3: Rainwater x Maternal Illiteracy [b19>6 | Clinical Test (N=49)         | 5           | 10.20       % | 0    | 5    | 0.00         % | 0.00     %
Pathway C4: Borehole/Well x Mud Walls [b19>6 ^ v15 | Clinical Test (N=49)         | 4           | 8.16        % | 1    | 3    | 25.00        % | 11.11    %
Pathway C5: Intervention Paradox [b19>6 ^ v158=0 ^ | Clinical Test (N=49)         | 0           | 0.00        % | 0    | 0    | 0.00         % | 0.00     %
==================================================================================================================================

Exported RIPPER rule support matrix to outputs/ripper_rule_coverage_support.csv and updated.csv.
Exported C4.5 pathway support matrix to outputs/c45_pathway_coverage_support.csv and updated.csv.

==========================================================================================
ITEM 11: CALIBRATED CONTINUOUS ROC IMPLEMENTATION VS DISCRETE HARD PROJECTIONS
==========================================================================================

C4.5 ROC & PR Implementation Comparison:
 - Hard Binary Step Curve (Old)       : ROC-AUC = 0.4792, PR-AUC = 0.3112
 - Continuous Calibrated Leaf Curves  : ROC-AUC = 0.4653, PR-AUC = 0.1570
 - Number of Operating Thresholds    : Hard = 3 points, Calibrated = 10 points

Conclusion for Item 11: Continuous probability calibration resolves the stepped curve artifact while confirming weak discriminative signal (0.4653).
