================================================================================
EXECUTION LOG: Stage 1: Categorical Mapping & Value Stabilization
Script: first_stage.py
Python Runtime: 3.14.5 (C:\MSC_Malaria\.venv\Scripts\python.exe)
Execution Duration: 1.14 seconds
Exit Code: 0
================================================================================

Loading files: NGKR81DT\NGKR81FL.DTA and NGPR81DT\NGPR81FL.DTA...
Executing demographic and residency subsetting...
Applying geopolitical spatial constraints...
Total target cohort isolated: 245 rural Nasarawa children.
Mapping relational bridging keys and executing Left Join...
Cleaning target class and algorithmic predictors...
Extracting final SDOH theoretical feature space...
==============================================================================
PIPELINE COMPLETE. Final ML Matrix shape: (243, 17)
Successfully saved final ML matrix to pre_processed_malaria_sdoh_matrix.csv
Ready for categorical discretization and rule-based induction.
==============================================================================
Executing Step 1: Categorical Mapping, Value Stabilization, and Index Tracking...
==============================================================================
STEP 1 COMPLETE. Verified Feature Subspaces:
 - Continuous Features: ['b19']
 - Nominal/Categorical Features: ['b4', 'v106', 'v190', 'v119', 'v158', 'v127', 'v128', 'v129', 'v113', 'v116', 'hml20']
 - Tracked Categorical Indices for SMOTENC: [1, 2, 3, 4, 5, 6, 7, 8, 9, 10, 11]
 - Stabilized dataset successfully written to final_malaria_sdoh_matrix.csv
==============================================================================
